
> build
> vite build

[36mvite v7.3.1 [32mbuilding client environment for production...[36m[39m
transforming...

[@tanstack/devtools-vite] Removed devtools code from: /src/routes/__root.tsx

[32m✓[39m 2018 modules transformed.
rendering chunks...
computing gzip size...
[2m.output/public/[22m[35massets/styles-CW3RMXRV.css          [39m[1m[2m 53.65 kB[22m[1m[22m[2m │ gzip:   9.33 kB[22m
[2m.output/public/[22m[36massets/index-B2Xz6Lqn.js            [39m[1m[2m  0.13 kB[22m[1m[22m[2m │ gzip:   0.14 kB[22m
[2m.output/public/[22m[36massets/index-BE7ACveC.js            [39m[1m[2m  0.13 kB[22m[1m[22m[2m │ gzip:   0.14 kB[22m
[2m.output/public/[22m[36massets/about-CL_I6Uy9.js            [39m[1m[2m  0.13 kB[22m[1m[22m[2m │ gzip:   0.14 kB[22m
[2m.output/public/[22m[36massets/privacy-BlSqRQ8t.js          [39m[1m[2m  0.14 kB[22m[1m[22m[2m │ gzip:   0.15 kB[22m
[2m.output/public/[22m[36massets/tables-DnFZeP6J.js           [39m[1m[2m  0.14 kB[22m[1m[22m[2m │ gzip:   0.15 kB[22m
[2m.output/public/[22m[36massets/orders-C39F8jL7.js           [39m[1m[2m  0.14 kB[22m[1m[22m[2m │ gzip:   0.15 kB[22m
[2m.output/public/[22m[36massets/reports-mocGSqM-.js          [39m[1m[2m  0.14 kB[22m[1m[22m[2m │ gzip:   0.15 kB[22m
[2m.output/public/[22m[36massets/settings-CvcFYz55.js         [39m[1m[2m  0.14 kB[22m[1m[22m[2m │ gzip:   0.15 kB[22m
[2m.output/public/[22m[36massets/products-NRUSa9c5.js         [39m[1m[2m  0.14 kB[22m[1m[22m[2m │ gzip:   0.15 kB[22m
[2m.output/public/[22m[36massets/login-LaZigw-Y.js            [39m[1m[2m  0.15 kB[22m[1m[22m[2m │ gzip:   0.15 kB[22m
[2m.output/public/[22m[36massets/products.create-JakTXj95.js  [39m[1m[2m  0.15 kB[22m[1m[22m[2m │ gzip:   0.15 kB[22m
[2m.output/public/[22m[36massets/route-BesxlMUn.js            [39m[1m[2m  0.22 kB[22m[1m[22m[2m │ gzip:   0.18 kB[22m
[2m.output/public/[22m[36massets/colors-fnR7116m.js           [39m[1m[2m  1.53 kB[22m[1m[22m[2m │ gzip:   0.85 kB[22m
[2m.output/public/[22m[36massets/route-CWLyT4M1.js            [39m[1m[2m  3.80 kB[22m[1m[22m[2m │ gzip:   1.28 kB[22m
[2m.output/public/[22m[36massets/products.list-B0BEn6dc.js    [39m[1m[2m  4.68 kB[22m[1m[22m[2m │ gzip:   1.72 kB[22m
[2m.output/public/[22m[36massets/button-DwjgoF8d.js           [39m[1m[2m 30.97 kB[22m[1m[22m[2m │ gzip:  10.09 kB[22m
[2m.output/public/[22m[36massets/route-DVm13aAx.js            [39m[1m[2m 87.01 kB[22m[1m[22m[2m │ gzip:  29.57 kB[22m
[2m.output/public/[22m[36massets/main-BaKK7Ty2.js             [39m[1m[2m323.34 kB[22m[1m[22m[2m │ gzip: 102.91 kB[22m
[32m✓ built in 5.82s[39m
[36mvite v7.3.1 [32mbuilding ssr environment for production...[36m[39m
transforming...

[@tanstack/devtools-vite] Removed devtools code from: /src/routes/__root.tsx

[33m"createRequestHandler", "defineHandlerCallback", "transformPipeableStreamWithRouter" and "transformReadableStreamWithRouter" are imported from external module "@tanstack/router-core/ssr/server" but never used in "node_modules/@tanstack/start-server-core/dist/esm/index.js".[39m
[33m"RawStream" is imported from external module "@tanstack/router-core" but never used in "node_modules/@tanstack/start-client-core/dist/esm/index.js".[39m
[33m"hydrate" and "json" are imported from external module "@tanstack/router-core/ssr/client" but never used in "node_modules/@tanstack/start-client-core/dist/esm/index.js".[39m
[32m✓[39m 90 modules transformed.
rendering chunks...
[2mnode_modules/.nitro/vite/services/ssr/[22m[35massets/styles-CW3RMXRV.css                     [39m[1m[2m53.65 kB[22m[1m[22m
[2mnode_modules/.nitro/vite/services/ssr/[22m[36massets/start-HYkvq4Ni.js                       [39m[1m[2m 0.06 kB[22m[1m[22m
[2mnode_modules/.nitro/vite/services/ssr/[22m[36massets/index-FUFwIFTh.js                       [39m[1m[2m 0.19 kB[22m[1m[22m
[2mnode_modules/.nitro/vite/services/ssr/[22m[36massets/index-DSbUPbE4.js                       [39m[1m[2m 0.19 kB[22m[1m[22m
[2mnode_modules/.nitro/vite/services/ssr/[22m[36massets/about-Bn8xCcq-.js                       [39m[1m[2m 0.19 kB[22m[1m[22m
[2mnode_modules/.nitro/vite/services/ssr/[22m[36massets/privacy-CxFRt8Yv.js                     [39m[1m[2m 0.19 kB[22m[1m[22m
[2mnode_modules/.nitro/vite/services/ssr/[22m[36massets/tables-D5XsPDKR.js                      [39m[1m[2m 0.20 kB[22m[1m[22m
[2mnode_modules/.nitro/vite/services/ssr/[22m[36massets/orders-Dczs6-OV.js                      [39m[1m[2m 0.20 kB[22m[1m[22m
[2mnode_modules/.nitro/vite/services/ssr/[22m[36massets/reports-DABB-jE4.js                     [39m[1m[2m 0.20 kB[22m[1m[22m
[2mnode_modules/.nitro/vite/services/ssr/[22m[36massets/settings-DmkcgVI7.js                    [39m[1m[2m 0.20 kB[22m[1m[22m
[2mnode_modules/.nitro/vite/services/ssr/[22m[36massets/products-CIbP3S8J.js                    [39m[1m[2m 0.20 kB[22m[1m[22m
[2mnode_modules/.nitro/vite/services/ssr/[22m[36massets/products.create-BlXt2pcS.js             [39m[1m[2m 0.21 kB[22m[1m[22m
[2mnode_modules/.nitro/vite/services/ssr/[22m[36massets/login-BYg-ZjUQ.js                       [39m[1m[2m 0.21 kB[22m[1m[22m
[2mnode_modules/.nitro/vite/services/ssr/[22m[36massets/route-DFEtS5T7.js                       [39m[1m[2m 0.39 kB[22m[1m[22m
[2mnode_modules/.nitro/vite/services/ssr/[22m[36massets/colors-9DU51Vo3.js                      [39m[1m[2m 1.32 kB[22m[1m[22m
[2mnode_modules/.nitro/vite/services/ssr/[22m[36massets/button-9PiIpsl2.js                      [39m[1m[2m 2.37 kB[22m[1m[22m
[2mnode_modules/.nitro/vite/services/ssr/[22m[36massets/_tanstack-start-manifest_v-Bv7f9swF.js  [39m[1m[2m 3.05 kB[22m[1m[22m
[2mnode_modules/.nitro/vite/services/ssr/[22m[36massets/route-DiHLvblB.js                       [39m[1m[2m 7.28 kB[22m[1m[22m
[2mnode_modules/.nitro/vite/services/ssr/[22m[36massets/products.list-BiixrOoD.js               [39m[1m[2m 7.36 kB[22m[1m[22m
[2mnode_modules/.nitro/vite/services/ssr/[22m[36massets/router-DIEimbAp.js                      [39m[1m[2m 7.54 kB[22m[1m[22m
[2mnode_modules/.nitro/vite/services/ssr/[22m[36massets/route-Buc9GcQE.js                       [39m[1m[2m28.04 kB[22m[1m[22m
[2mnode_modules/.nitro/vite/services/ssr/[22m[36mindex.js                                       [39m[1m[2m37.95 kB[22m[1m[22m
[32m✓ built in 1.03s[39m

[90m[[90mnitro[90m][39m [35m◐[39m Building [[35mNitro[39m] [2m(preset: [36mnode-server[39m, compatibility: [36m2026-03-05[39m)[22m
[90m[[90mnitro[90m][39m [32m✔[39m Generated public [36m.output/public[39m
[36mvite v7.3.1 [32mbuilding nitro environment for production...[36m[39m
transforming...
[33mnode_modules/@radix-ui/react-avatar/dist/index.mjs (1:0): Module level directives cause errors when bundled, "use client" in "node_modules/@radix-ui/react-avatar/dist/index.mjs" was ignored.[39m
[33mnode_modules/@radix-ui/react-alert-dialog/dist/index.mjs (1:0): Module level directives cause errors when bundled, "use client" in "node_modules/@radix-ui/react-alert-dialog/dist/index.mjs" was ignored.[39m
[33mnode_modules/@radix-ui/react-checkbox/dist/index.mjs (1:0): Module level directives cause errors when bundled, "use client" in "node_modules/@radix-ui/react-checkbox/dist/index.mjs" was ignored.[39m
[33mnode_modules/@radix-ui/react-accordion/dist/index.mjs (1:0): Module level directives cause errors when bundled, "use client" in "node_modules/@radix-ui/react-accordion/dist/index.mjs" was ignored.[39m
[33mnode_modules/@radix-ui/react-context-menu/dist/index.mjs (1:0): Module level directives cause errors when bundled, "use client" in "node_modules/@radix-ui/react-context-menu/dist/index.mjs" was ignored.[39m
[33mnode_modules/@radix-ui/react-collapsible/dist/index.mjs (1:0): Module level directives cause errors when bundled, "use client" in "node_modules/@radix-ui/react-collapsible/dist/index.mjs" was ignored.[39m
[33mnode_modules/@radix-ui/react-dialog/dist/index.mjs (1:0): Module level directives cause errors when bundled, "use client" in "node_modules/@radix-ui/react-dialog/dist/index.mjs" was ignored.[39m
[33mnode_modules/@radix-ui/react-dropdown-menu/dist/index.mjs (1:0): Module level directives cause errors when bundled, "use client" in "node_modules/@radix-ui/react-dropdown-menu/dist/index.mjs" was ignored.[39m
[33mnode_modules/@radix-ui/react-form/dist/index.mjs (1:0): Module level directives cause errors when bundled, "use client" in "node_modules/@radix-ui/react-form/dist/index.mjs" was ignored.[39m
[33mnode_modules/@radix-ui/react-label/dist/index.mjs (1:0): Module level directives cause errors when bundled, "use client" in "node_modules/@radix-ui/react-label/dist/index.mjs" was ignored.[39m
[33mnode_modules/@radix-ui/react-hover-card/dist/index.mjs (1:0): Module level directives cause errors when bundled, "use client" in "node_modules/@radix-ui/react-hover-card/dist/index.mjs" was ignored.[39m
[33mnode_modules/@radix-ui/react-menubar/dist/index.mjs (1:0): Module level directives cause errors when bundled, "use client" in "node_modules/@radix-ui/react-menubar/dist/index.mjs" was ignored.[39m
[33mnode_modules/@radix-ui/react-navigation-menu/dist/index.mjs (1:0): Module level directives cause errors when bundled, "use client" in "node_modules/@radix-ui/react-navigation-menu/dist/index.mjs" was ignored.[39m
[33mnode_modules/@radix-ui/react-one-time-password-field/dist/index.mjs (1:0): Module level directives cause errors when bundled, "use client" in "node_modules/@radix-ui/react-one-time-password-field/dist/index.mjs" was ignored.[39m
[33mnode_modules/@radix-ui/react-password-toggle-field/dist/index.mjs (1:0): Module level directives cause errors when bundled, "use client" in "node_modules/@radix-ui/react-password-toggle-field/dist/index.mjs" was ignored.[39m
[33mnode_modules/@radix-ui/react-popover/dist/index.mjs (1:0): Module level directives cause errors when bundled, "use client" in "node_modules/@radix-ui/react-popover/dist/index.mjs" was ignored.[39m
[33mnode_modules/@radix-ui/react-progress/dist/index.mjs (1:0): Module level directives cause errors when bundled, "use client" in "node_modules/@radix-ui/react-progress/dist/index.mjs" was ignored.[39m
[33mnode_modules/@radix-ui/react-portal/dist/index.mjs (1:0): Module level directives cause errors when bundled, "use client" in "node_modules/@radix-ui/react-portal/dist/index.mjs" was ignored.[39m
[33mnode_modules/@radix-ui/react-radio-group/dist/index.mjs (1:0): Module level directives cause errors when bundled, "use client" in "node_modules/@radix-ui/react-radio-group/dist/index.mjs" was ignored.[39m
[33mnode_modules/@radix-ui/react-scroll-area/dist/index.mjs (1:0): Module level directives cause errors when bundled, "use client" in "node_modules/@radix-ui/react-scroll-area/dist/index.mjs" was ignored.[39m
[33mnode_modules/@radix-ui/react-select/dist/index.mjs (1:0): Module level directives cause errors when bundled, "use client" in "node_modules/@radix-ui/react-select/dist/index.mjs" was ignored.[39m
[33mnode_modules/@radix-ui/react-slider/dist/index.mjs (1:0): Module level directives cause errors when bundled, "use client" in "node_modules/@radix-ui/react-slider/dist/index.mjs" was ignored.[39m
[33mnode_modules/@radix-ui/react-switch/dist/index.mjs (1:0): Module level directives cause errors when bundled, "use client" in "node_modules/@radix-ui/react-switch/dist/index.mjs" was ignored.[39m
[33mnode_modules/@radix-ui/react-toast/dist/index.mjs (1:0): Module level directives cause errors when bundled, "use client" in "node_modules/@radix-ui/react-toast/dist/index.mjs" was ignored.[39m
[33mnode_modules/@radix-ui/react-tabs/dist/index.mjs (1:0): Module level directives cause errors when bundled, "use client" in "node_modules/@radix-ui/react-tabs/dist/index.mjs" was ignored.[39m
[33mnode_modules/@radix-ui/react-toggle/dist/index.mjs (1:0): Module level directives cause errors when bundled, "use client" in "node_modules/@radix-ui/react-toggle/dist/index.mjs" was ignored.[39m
[33mnode_modules/@radix-ui/react-toggle-group/dist/index.mjs (1:0): Module level directives cause errors when bundled, "use client" in "node_modules/@radix-ui/react-toggle-group/dist/index.mjs" was ignored.[39m
[33mnode_modules/@radix-ui/react-tooltip/dist/index.mjs (1:0): Module level directives cause errors when bundled, "use client" in "node_modules/@radix-ui/react-tooltip/dist/index.mjs" was ignored.[39m
[33mnode_modules/@radix-ui/react-toolbar/dist/index.mjs (1:0): Module level directives cause errors when bundled, "use client" in "node_modules/@radix-ui/react-toolbar/dist/index.mjs" was ignored.[39m
[33mnode_modules/@radix-ui/react-presence/dist/index.mjs (1:0): Module level directives cause errors when bundled, "use client" in "node_modules/@radix-ui/react-presence/dist/index.mjs" was ignored.[39m
[33mnode_modules/@radix-ui/react-collection/dist/index.mjs (1:0): Module level directives cause errors when bundled, "use client" in "node_modules/@radix-ui/react-collection/dist/index.mjs" was ignored.[39m
[33mnode_modules/@radix-ui/react-menu/dist/index.mjs (1:0): Module level directives cause errors when bundled, "use client" in "node_modules/@radix-ui/react-menu/dist/index.mjs" was ignored.[39m
[33mnode_modules/@radix-ui/react-dismissable-layer/dist/index.mjs (1:0): Module level directives cause errors when bundled, "use client" in "node_modules/@radix-ui/react-dismissable-layer/dist/index.mjs" was ignored.[39m
[33mnode_modules/@radix-ui/react-focus-scope/dist/index.mjs (1:0): Module level directives cause errors when bundled, "use client" in "node_modules/@radix-ui/react-focus-scope/dist/index.mjs" was ignored.[39m
[33mnode_modules/@radix-ui/react-focus-guards/dist/index.mjs (1:0): Module level directives cause errors when bundled, "use client" in "node_modules/@radix-ui/react-focus-guards/dist/index.mjs" was ignored.[39m
[33mnode_modules/@radix-ui/react-popper/dist/index.mjs (1:0): Module level directives cause errors when bundled, "use client" in "node_modules/@radix-ui/react-popper/dist/index.mjs" was ignored.[39m
[33mnode_modules/@radix-ui/react-roving-focus/dist/index.mjs (1:0): Module level directives cause errors when bundled, "use client" in "node_modules/@radix-ui/react-roving-focus/dist/index.mjs" was ignored.[39m
[32m✓[39m 2033 modules transformed.
rendering chunks...
[2m.output/server/[22m[36m_libs/crossws.mjs                                          [39m[1m[2m  0.00 kB[22m[1m[22m
[2m.output/server/[22m[36m_libs/hookable.mjs                                         [39m[1m[2m  0.00 kB[22m[1m[22m
[2m.output/server/[22m[36m_libs/unctx.mjs                                            [39m[1m[2m  0.00 kB[22m[1m[22m
[2m.output/server/[22m[36m_libs/ohash.mjs                                            [39m[1m[2m  0.00 kB[22m[1m[22m
[2m.output/server/[22m[36m_libs/unstorage.mjs                                        [39m[1m[2m  0.00 kB[22m[1m[22m
[2m.output/server/[22m[36m_libs/croner.mjs                                           [39m[1m[2m  0.00 kB[22m[1m[22m
[2m.output/server/[22m[36m_chunks/_libs/@tanstack/store.mjs                          [39m[1m[2m  0.00 kB[22m[1m[22m
[2m.output/server/[22m[36m_chunks/_libs/@tanstack/react-store.mjs                    [39m[1m[2m  0.00 kB[22m[1m[22m
[2m.output/server/[22m[36m_chunks/_libs/@radix-ui/react-accessible-icon.mjs          [39m[1m[2m  0.00 kB[22m[1m[22m
[2m.output/server/[22m[36m_chunks/_libs/@radix-ui/react-collection.mjs               [39m[1m[2m  0.00 kB[22m[1m[22m
[2m.output/server/[22m[36m_chunks/_libs/@radix-ui/react-use-effect-event.mjs         [39m[1m[2m  0.00 kB[22m[1m[22m
[2m.output/server/[22m[36m_chunks/_libs/@radix-ui/react-collapsible.mjs              [39m[1m[2m  0.00 kB[22m[1m[22m
[2m.output/server/[22m[36m_chunks/_libs/@radix-ui/react-direction.mjs                [39m[1m[2m  0.00 kB[22m[1m[22m
[2m.output/server/[22m[36m_chunks/_libs/@radix-ui/react-accordion.mjs                [39m[1m[2m  0.00 kB[22m[1m[22m
[2m.output/server/[22m[36m_libs/detect-node-es.mjs                                   [39m[1m[2m  0.00 kB[22m[1m[22m
[2m.output/server/[22m[36m_chunks/_libs/@radix-ui/react-alert-dialog.mjs             [39m[1m[2m  0.00 kB[22m[1m[22m
[2m.output/server/[22m[36m_chunks/_libs/@radix-ui/react-aspect-ratio.mjs             [39m[1m[2m  0.00 kB[22m[1m[22m
[2m.output/server/[22m[36m_chunks/_libs/@radix-ui/react-use-previous.mjs             [39m[1m[2m  0.00 kB[22m[1m[22m
[2m.output/server/[22m[36m_chunks/_libs/@radix-ui/react-checkbox.mjs                 [39m[1m[2m  0.00 kB[22m[1m[22m
[2m.output/server/[22m[36m_chunks/_libs/@radix-ui/react-roving-focus.mjs             [39m[1m[2m  0.00 kB[22m[1m[22m
[2m.output/server/[22m[36m_chunks/_libs/@radix-ui/react-menu.mjs                     [39m[1m[2m  0.00 kB[22m[1m[22m
[2m.output/server/[22m[36m_chunks/_libs/@radix-ui/react-context-menu.mjs             [39m[1m[2m  0.00 kB[22m[1m[22m
[2m.output/server/[22m[36m_chunks/_libs/@radix-ui/react-dropdown-menu.mjs            [39m[1m[2m  0.00 kB[22m[1m[22m
[2m.output/server/[22m[36m_chunks/_libs/@radix-ui/react-label.mjs                    [39m[1m[2m  0.00 kB[22m[1m[22m
[2m.output/server/[22m[36m_chunks/_libs/@radix-ui/react-form.mjs                     [39m[1m[2m  0.00 kB[22m[1m[22m
[2m.output/server/[22m[36m_chunks/_libs/@radix-ui/react-hover-card.mjs               [39m[1m[2m  0.00 kB[22m[1m[22m
[2m.output/server/[22m[36m_chunks/_libs/@radix-ui/react-menubar.mjs                  [39m[1m[2m  0.00 kB[22m[1m[22m
[2m.output/server/[22m[36m_chunks/_libs/@radix-ui/react-navigation-menu.mjs          [39m[1m[2m  0.00 kB[22m[1m[22m
[2m.output/server/[22m[36m_chunks/_libs/@radix-ui/number.mjs                         [39m[1m[2m  0.00 kB[22m[1m[22m
[2m.output/server/[22m[36m_chunks/_libs/@radix-ui/react-one-time-password-field.mjs  [39m[1m[2m  0.00 kB[22m[1m[22m
[2m.output/server/[22m[36m_chunks/_libs/@radix-ui/react-password-toggle-field.mjs    [39m[1m[2m  0.00 kB[22m[1m[22m
[2m.output/server/[22m[36m_chunks/_libs/@radix-ui/react-popover.mjs                  [39m[1m[2m  0.00 kB[22m[1m[22m
[2m.output/server/[22m[36m_chunks/_libs/@radix-ui/react-progress.mjs                 [39m[1m[2m  0.00 kB[22m[1m[22m
[2m.output/server/[22m[36m_chunks/_libs/@radix-ui/react-radio-group.mjs              [39m[1m[2m  0.00 kB[22m[1m[22m
[2m.output/server/[22m[36m_chunks/_libs/@radix-ui/react-scroll-area.mjs              [39m[1m[2m  0.00 kB[22m[1m[22m
[2m.output/server/[22m[36m_chunks/_libs/@radix-ui/react-select.mjs                   [39m[1m[2m  0.00 kB[22m[1m[22m
[2m.output/server/[22m[36m_chunks/_libs/@radix-ui/react-slider.mjs                   [39m[1m[2m  0.00 kB[22m[1m[22m
[2m.output/server/[22m[36m_chunks/_libs/@radix-ui/react-switch.mjs                   [39m[1m[2m  0.00 kB[22m[1m[22m
[2m.output/server/[22m[36m_chunks/_libs/@radix-ui/react-tabs.mjs                     [39m[1m[2m  0.00 kB[22m[1m[22m
[2m.output/server/[22m[36m_chunks/_libs/@radix-ui/react-toast.mjs                    [39m[1m[2m  0.00 kB[22m[1m[22m
[2m.output/server/[22m[36m_chunks/_libs/@radix-ui/react-toggle.mjs                   [39m[1m[2m  0.00 kB[22m[1m[22m
[2m.output/server/[22m[36m_chunks/_libs/@radix-ui/react-toggle-group.mjs             [39m[1m[2m  0.00 kB[22m[1m[22m
[2m.output/server/[22m[36m_chunks/_libs/@radix-ui/react-toolbar.mjs                  [39m[1m[2m  0.00 kB[22m[1m[22m
[2m.output/server/[22m[36m_libs/radix-ui.mjs                                         [39m[1m[2m  0.00 kB[22m[1m[22m
[2m.output/server/[22m[36m_ssr/start-HYkvq4Ni.mjs                                    [39m[1m[2m  0.06 kB[22m[1m[22m
[2m.output/server/[22m[36m_libs/tiny-warning.mjs                                     [39m[1m[2m  0.07 kB[22m[1m[22m
[2m.output/server/[22m[36m_libs/get-nonce.mjs                                        [39m[1m[2m  0.16 kB[22m[1m[22m
[2m.output/server/[22m[36m_chunks/_libs/@radix-ui/react-use-layout-effect.mjs        [39m[1m[2m  0.17 kB[22m[1m[22m
[2m.output/server/[22m[36m_libs/tiny-invariant.mjs                                   [39m[1m[2m  0.18 kB[22m[1m[22m
[2m.output/server/[22m[36m_libs/rou3.mjs                                             [39m[1m[2m  0.21 kB[22m[1m[22m
[2m.output/server/[22m[36m_ssr/index-FUFwIFTh.mjs                                    [39m[1m[2m  0.23 kB[22m[1m[22m
[2m.output/server/[22m[36m_ssr/index-DSbUPbE4.mjs                                    [39m[1m[2m  0.24 kB[22m[1m[22m
[2m.output/server/[22m[36m_ssr/about-Bn8xCcq-.mjs                                    [39m[1m[2m  0.24 kB[22m[1m[22m
[2m.output/server/[22m[36m_ssr/privacy-CxFRt8Yv.mjs                                  [39m[1m[2m  0.24 kB[22m[1m[22m
[2m.output/server/[22m[36m_ssr/tables-D5XsPDKR.mjs                                   [39m[1m[2m  0.24 kB[22m[1m[22m
[2m.output/server/[22m[36m_ssr/orders-Dczs6-OV.mjs                                   [39m[1m[2m  0.24 kB[22m[1m[22m
[2m.output/server/[22m[36m_ssr/reports-DABB-jE4.mjs                                  [39m[1m[2m  0.24 kB[22m[1m[22m
[2m.output/server/[22m[36m_ssr/settings-DmkcgVI7.mjs                                 [39m[1m[2m  0.24 kB[22m[1m[22m
[2m.output/server/[22m[36m_ssr/products-CIbP3S8J.mjs                                 [39m[1m[2m  0.24 kB[22m[1m[22m
[2m.output/server/[22m[36m_ssr/products.create-BlXt2pcS.mjs                          [39m[1m[2m  0.25 kB[22m[1m[22m
[2m.output/server/[22m[36m_ssr/login-BYg-ZjUQ.mjs                                    [39m[1m[2m  0.28 kB[22m[1m[22m
[2m.output/server/[22m[36m_chunks/_libs/@radix-ui/react-use-is-hydrated.mjs          [39m[1m[2m  0.28 kB[22m[1m[22m
[2m.output/server/[22m[36m_chunks/_libs/@radix-ui/react-use-callback-ref.mjs         [39m[1m[2m  0.34 kB[22m[1m[22m
[2m.output/server/[22m[36m_chunks/_libs/@radix-ui/primitive.mjs                      [39m[1m[2m  0.35 kB[22m[1m[22m
[2m.output/server/[22m[36m_chunks/_libs/@radix-ui/react-id.mjs                       [39m[1m[2m  0.50 kB[22m[1m[22m
[2m.output/server/[22m[36m_libs/clsx.mjs                                             [39m[1m[2m  0.51 kB[22m[1m[22m
[2m.output/server/[22m[36m_chunks/_libs/@radix-ui/react-use-escape-keydown.mjs       [39m[1m[2m  0.68 kB[22m[1m[22m
[2m.output/server/[22m[36m_chunks/_libs/@radix-ui/react-arrow.mjs                    [39m[1m[2m  0.70 kB[22m[1m[22m
[2m.output/server/[22m[36m_chunks/_libs/@radix-ui/react-portal.mjs                   [39m[1m[2m  0.81 kB[22m[1m[22m
[2m.output/server/[22m[36m_chunks/_libs/@radix-ui/react-visually-hidden.mjs          [39m[1m[2m  0.85 kB[22m[1m[22m
[2m.output/server/[22m[36m_chunks/_libs/@radix-ui/react-focus-guards.mjs             [39m[1m[2m  0.94 kB[22m[1m[22m
[2m.output/server/[22m[36m_chunks/_libs/@radix-ui/react-compose-refs.mjs             [39m[1m[2m  0.96 kB[22m[1m[22m
[2m.output/server/[22m[36m_ssr/route-DFEtS5T7.mjs                                    [39m[1m[2m  0.96 kB[22m[1m[22m
[2m.output/server/[22m[36m_chunks/_libs/@radix-ui/react-separator.mjs                [39m[1m[2m  1.06 kB[22m[1m[22m
[2m.output/server/[22m[36m_chunks/_libs/@radix-ui/react-primitive.mjs                [39m[1m[2m  1.11 kB[22m[1m[22m
[2m.output/server/[22m[36m_chunks/_libs/@radix-ui/react-use-size.mjs                 [39m[1m[2m  1.25 kB[22m[1m[22m
[2m.output/server/[22m[36m_libs/ufo.mjs                                              [39m[1m[2m  1.31 kB[22m[1m[22m
[2m.output/server/[22m[36m_libs/tslib.mjs                                            [39m[1m[2m  1.34 kB[22m[1m[22m
[2m.output/server/[22m[36m_ssr/colors-9DU51Vo3.mjs                                   [39m[1m[2m  1.37 kB[22m[1m[22m
[2m.output/server/[22m[36m_libs/seroval-plugins.mjs                                  [39m[1m[2m  1.47 kB[22m[1m[22m
[2m.output/server/[22m[36m_libs/cookie-es.mjs                                        [39m[1m[2m  1.57 kB[22m[1m[22m
[2m.output/server/[22m[36m_libs/react-style-singleton.mjs                            [39m[1m[2m  1.69 kB[22m[1m[22m
[2m.output/server/[22m[36m_libs/use-callback-ref.mjs                                 [39m[1m[2m  1.76 kB[22m[1m[22m
[2m.output/server/[22m[36m_libs/class-variance-authority.mjs                         [39m[1m[2m  2.14 kB[22m[1m[22m
[2m.output/server/[22m[36m_chunks/_libs/@radix-ui/react-use-controllable-state.mjs   [39m[1m[2m  2.29 kB[22m[1m[22m
[2m.output/server/[22m[36m_libs/isbot.mjs                                            [39m[1m[2m  2.41 kB[22m[1m[22m
[2m.output/server/[22m[36m_libs/use-sync-external-store.mjs                          [39m[1m[2m  2.50 kB[22m[1m[22m
[2m.output/server/[22m[36m_ssr/button-9PiIpsl2.mjs                                   [39m[1m[2m  2.50 kB[22m[1m[22m
[2m.output/server/[22m[36m_libs/use-sidecar.mjs                                      [39m[1m[2m  2.68 kB[22m[1m[22m
[2m.output/server/[22m[36m_ssr/_tanstack-start-manifest_v-Bv7f9swF.mjs               [39m[1m[2m  3.05 kB[22m[1m[22m
[2m.output/server/[22m[36m_chunks/_libs/@radix-ui/react-context.mjs                  [39m[1m[2m  3.36 kB[22m[1m[22m
[2m.output/server/[22m[36m_libs/react-remove-scroll-bar.mjs                          [39m[1m[2m  3.97 kB[22m[1m[22m
[2m.output/server/[22m[36m_libs/aria-hidden.mjs                                      [39m[1m[2m  4.06 kB[22m[1m[22m
[2m.output/server/[22m[36m_chunks/_libs/@radix-ui/react-slot.mjs                     [39m[1m[2m  4.11 kB[22m[1m[22m
[2m.output/server/[22m[36m_chunks/_libs/@radix-ui/react-avatar.mjs                   [39m[1m[2m  4.37 kB[22m[1m[22m
[2m.output/server/[22m[36m_chunks/_libs/@radix-ui/react-presence.mjs                 [39m[1m[2m  4.84 kB[22m[1m[22m
[2m.output/server/[22m[36m_libs/lucide-react.mjs                                     [39m[1m[2m  6.10 kB[22m[1m[22m
[2m.output/server/[22m[36m_chunks/_libs/@tanstack/history.mjs                        [39m[1m[2m  6.16 kB[22m[1m[22m
[2m.output/server/[22m[36m_chunks/_libs/@radix-ui/react-focus-scope.mjs              [39m[1m[2m  8.04 kB[22m[1m[22m
[2m.output/server/[22m[36m_ssr/router-DIEimbAp.mjs                                   [39m[1m[2m  8.24 kB[22m[1m[22m
[2m.output/server/[22m[36m_chunks/_libs/@floating-ui/react-dom.mjs                   [39m[1m[2m  8.41 kB[22m[1m[22m
[2m.output/server/[22m[36m_ssr/products.list-BiixrOoD.mjs                            [39m[1m[2m  8.71 kB[22m[1m[22m
[2m.output/server/[22m[36m_ssr/route-DiHLvblB.mjs                                    [39m[1m[2m  8.82 kB[22m[1m[22m
[2m.output/server/[22m[36m_chunks/_libs/@radix-ui/react-dismissable-layer.mjs        [39m[1m[2m  8.92 kB[22m[1m[22m
[2m.output/server/[22m[36m_libs/h3-v2.mjs                                            [39m[1m[2m  9.41 kB[22m[1m[22m
[2m.output/server/[22m[36m_chunks/_libs/@floating-ui/utils.mjs                       [39m[1m[2m  9.47 kB[22m[1m[22m
[2m.output/server/[22m[36m_chunks/_libs/@radix-ui/react-popper.mjs                   [39m[1m[2m 11.60 kB[22m[1m[22m
[2m.output/server/[22m[36m_chunks/_libs/@radix-ui/react-dialog.mjs                   [39m[1m[2m 13.36 kB[22m[1m[22m
[2m.output/server/[22m[36m_libs/react-remove-scroll.mjs                              [39m[1m[2m 13.41 kB[22m[1m[22m
[2m.output/server/[22m[36m_libs/h3.mjs                                               [39m[1m[2m 13.79 kB[22m[1m[22m
[2m.output/server/[22m[36mindex.mjs                                                  [39m[1m[2m 16.93 kB[22m[1m[22m
[2m.output/server/[22m[36m_chunks/_libs/@radix-ui/react-tooltip.mjs                  [39m[1m[2m 19.65 kB[22m[1m[22m
[2m.output/server/[22m[36m_chunks/_libs/react.mjs                                    [39m[1m[2m 19.99 kB[22m[1m[22m
[2m.output/server/[22m[36m_chunks/_libs/@floating-ui/dom.mjs                         [39m[1m[2m 21.26 kB[22m[1m[22m
[2m.output/server/[22m[36m_chunks/_libs/@floating-ui/core.mjs                        [39m[1m[2m 24.05 kB[22m[1m[22m
[2m.output/server/[22m[36m_ssr/route-Buc9GcQE.mjs                                    [39m[1m[2m 32.61 kB[22m[1m[22m
[2m.output/server/[22m[36m_libs/srvx.mjs                                             [39m[1m[2m 33.07 kB[22m[1m[22m
[2m.output/server/[22m[36m_ssr/index.mjs                                             [39m[1m[2m 38.40 kB[22m[1m[22m
[2m.output/server/[22m[36m_chunks/_libs/@tanstack/react-router.mjs                   [39m[1m[2m 46.81 kB[22m[1m[22m
[2m.output/server/[22m[36m_libs/seroval.mjs                                          [39m[1m[2m 48.03 kB[22m[1m[22m
[2m.output/server/[22m[36m_libs/tailwind-merge.mjs                                   [39m[1m[2m 96.41 kB[22m[1m[22m
[2m.output/server/[22m[36m_chunks/_libs/@tanstack/router-core.mjs                    [39m[1m[2m155.35 kB[22m[1m[22m
[2m.output/server/[22m[36m_chunks/_libs/react-dom.mjs                                [39m[1m[33m509.33 kB[39m[22m
[32m✓ built in 8.05s[39m
[36mℹ[39m Generated [36m.output/nitro.json[39m

[90m[[90mnitro[90m][39m [32m✔[39m You can preview this build using [36mnode .output/server/index.mjs[39m
